                                
                                
                                ALIEN   STRUCT
                                    POS     COORD   ?
                                    MODE    DB      ?
                                ENDS
                                
                                COORD   STRUCT
                                    X   DB  ?
                                    Y   DB  ?
                                ENDS
                                
                                
                                PLAYER  STRUCT
                                    POS     COORD   ?
                                    FRAME   DB      ?
                                ENDS
                                
                                HIGHSCORE STRUCT
                                	NAME	DB	30 dup ?,?
                                	SCORE	DW  ?
                                ENDS
                                
0000: 42 72 61 64 00 00 00 00   	HIGHSCORE	[ "Brad", 23 ]
0008: 00 00 00 00 00 00 00 00 
0010: 00 00 00 00 00 00 00 00 
0018: 00 00 00 00 00 00 00 17 
0020: 00 
                                
0021: 0F                        	DB  5*3
0022: 0A 00                     	DW	10
0024: 57 00 6F 00 61 00 68 00   	DW  "Woah!",0
002C: 21 00 00 00 
0030: 48 65 6C 6C 6F 00 48 65   	DB	3 DUP ('Hello', 0)
0038: 6C 6C 6F 00 48 65 6C 6C 
0040: 6F 00 
                                
0042: FF                        	DB		?
0043: FF FF                     	COORD	?
                                
0045: FF FF FF                  	ALIEN	?
                                
0048: 03 09 01                  	ALIEN { 
                                		MODE: 1, 
                                		POS: [3,9]
                                	}
                                

004B:
